src/types/dashboard.ts(1,10): error TS2305: Module '"@prisma/client"' has no exported member 'OrderStatus'.
src/utils/api-auth.ts(55,9): error TS2353: Object literal may only specify known properties, and 'isActive' does not exist in type 'UserSelect<DefaultArgs>'.
src/utils/api-auth.ts(59,24): error TS2339: Property 'isActive' does not exist on type '{ password: string; name: string | null; id: string; email: string; role: Role; createdAt: Date; updatedAt: Date; }'.
src/utils/api-auth.ts(69,14): error TS2741: Property 'isActive' is missing in type '{ password: string; name: string | null; id: string; email: string; role: Role; createdAt: Date; updatedAt: Date; }' but required in type '{ id: string; email: string; name: string; role: string; isActive: boolean; }'.
